// Jest Snapshot v1, https://goo.gl/fbAQLP

exports[`App snapshot is similar to the last 1`] = `
<div
  className="container"
>
  <div
    className="info-box"
  >
    <div
      className="date-box"
    >
      <p>
        DateBox
      </p>
    </div>
    <div>
      <p>
        DetailsBox
      </p>
    </div>
  </div>
  <div
    className="response-box"
  >
    <div
      className="attendance-box"
    >
      <p>
        AttendanceBox
      </p>
    </div>
    <div
      className="sharing-box"
    >
      <p />
    </div>
  </div>
</div>
`;
